0.000 SDL_STUB_START argv=['240', '320']
0.232 FRAME_SAVED /home/user/New-look-/research/runtime/evidence/real/frame_0001.png (1)
0.300 FRAME_SAVED /home/user/New-look-/research/runtime/evidence/real/frame_0002.png (2)
0.306 FRAME_SAVED /home/user/New-look-/research/runtime/evidence/real/frame_0003.png (3)
0.662 FRAME_SAVED /home/user/New-look-/research/runtime/evidence/real/frame_0010.png (10)
0.951 FRAME_SAVED /home/user/New-look-/research/runtime/evidence/real/frame_0020.png (20)
1.272 FRAME_SAVED /home/user/New-look-/research/runtime/evidence/real/frame_0030.png (30)
1.563 FRAME_SAVED /home/user/New-look-/research/runtime/evidence/real/frame_0040.png (40)
1.892 FRAME_SAVED /home/user/New-look-/research/runtime/evidence/real/frame_0050.png (50)
1.892 FRAMES_TOTAL 50
2.182 FRAME_SAVED /home/user/New-look-/research/runtime/evidence/real/frame_0060.png (60)
2.510 FRAME_SAVED /home/user/New-look-/research/runtime/evidence/real/frame_0070.png (70)
2.798 FRAME_SAVED /home/user/New-look-/research/runtime/evidence/real/frame_0080.png (80)
3.128 FRAME_SAVED /home/user/New-look-/research/runtime/evidence/real/frame_0090.png (90)
3.723 FRAME_SAVED /home/user/New-look-/research/runtime/evidence/real/frame_0100.png (100)
3.723 FRAMES_TOTAL 100
4.047 FRAME_SAVED /home/user/New-look-/research/runtime/evidence/real/frame_0110.png (110)
4.353 FRAME_SAVED /home/user/New-look-/research/runtime/evidence/real/frame_0120.png (120)
4.786 FRAME_SAVED /home/user/New-look-/research/runtime/evidence/real/frame_0130.png (130)
5.069 FRAME_SAVED /home/user/New-look-/research/runtime/evidence/real/frame_0140.png (140)
5.500 FRAME_SAVED /home/user/New-look-/research/runtime/evidence/real/frame_0150.png (150)
5.500 FRAMES_TOTAL 150
5.869 FRAME_SAVED /home/user/New-look-/research/runtime/evidence/real/frame_0160.png (160)
6.197 FRAME_SAVED /home/user/New-look-/research/runtime/evidence/real/frame_0170.png (170)
6.485 FRAME_SAVED /home/user/New-look-/research/runtime/evidence/real/frame_0180.png (180)
6.812 FRAME_SAVED /home/user/New-look-/research/runtime/evidence/real/frame_0190.png (190)
7.102 FRAME_SAVED /home/user/New-look-/research/runtime/evidence/real/frame_0200.png (200)
7.102 FRAMES_TOTAL 200
7.431 FRAME_SAVED /home/user/New-look-/research/runtime/evidence/real/frame_0210.png (210)
7.721 FRAME_SAVED /home/user/New-look-/research/runtime/evidence/real/frame_0220.png (220)
8.049 FRAME_SAVED /home/user/New-look-/research/runtime/evidence/real/frame_0230.png (230)
8.337 FRAME_SAVED /home/user/New-look-/research/runtime/evidence/real/frame_0240.png (240)
8.668 FRAME_SAVED /home/user/New-look-/research/runtime/evidence/real/frame_0250.png (250)
8.668 FRAMES_TOTAL 250
8.960 FRAME_SAVED /home/user/New-look-/research/runtime/evidence/real/frame_0260.png (260)
9.284 FRAME_SAVED /home/user/New-look-/research/runtime/evidence/real/frame_0270.png (270)
9.573 FRAME_SAVED /home/user/New-look-/research/runtime/evidence/real/frame_0280.png (280)
9.901 FRAME_SAVED /home/user/New-look-/research/runtime/evidence/real/frame_0290.png (290)
10.192 FRAME_SAVED /home/user/New-look-/research/runtime/evidence/real/frame_0300.png (300)
10.192 FRAMES_TOTAL 300
10.519 FRAME_SAVED /home/user/New-look-/research/runtime/evidence/real/frame_0310.png (310)
10.808 FRAME_SAVED /home/user/New-look-/research/runtime/evidence/real/frame_0320.png (320)
11.139 FRAME_SAVED /home/user/New-look-/research/runtime/evidence/real/frame_0330.png (330)
11.427 FRAME_SAVED /home/user/New-look-/research/runtime/evidence/real/frame_0340.png (340)
11.757 FRAME_SAVED /home/user/New-look-/research/runtime/evidence/real/frame_0350.png (350)
11.757 FRAMES_TOTAL 350
12.045 FRAME_SAVED /home/user/New-look-/research/runtime/evidence/real/frame_0360.png (360)
12.374 FRAME_SAVED /home/user/New-look-/research/runtime/evidence/real/frame_0370.png (370)
12.664 FRAME_SAVED /home/user/New-look-/research/runtime/evidence/real/frame_0380.png (380)
12.993 FRAME_SAVED /home/user/New-look-/research/runtime/evidence/real/frame_0390.png (390)
13.281 FRAME_SAVED /home/user/New-look-/research/runtime/evidence/real/frame_0400.png (400)
13.281 FRAMES_TOTAL 400
13.612 FRAME_SAVED /home/user/New-look-/research/runtime/evidence/real/frame_0410.png (410)
13.900 FRAME_SAVED /home/user/New-look-/research/runtime/evidence/real/frame_0420.png (420)
14.230 FRAME_SAVED /home/user/New-look-/research/runtime/evidence/real/frame_0430.png (430)
14.517 FRAME_SAVED /home/user/New-look-/research/runtime/evidence/real/frame_0440.png (440)
14.846 FRAME_SAVED /home/user/New-look-/research/runtime/evidence/real/frame_0450.png (450)
14.846 FRAMES_TOTAL 450
15.134 FRAME_SAVED /home/user/New-look-/research/runtime/evidence/real/frame_0460.png (460)
15.464 FRAME_SAVED /home/user/New-look-/research/runtime/evidence/real/frame_0470.png (470)
15.752 FRAME_SAVED /home/user/New-look-/research/runtime/evidence/real/frame_0480.png (480)
16.081 FRAME_SAVED /home/user/New-look-/research/runtime/evidence/real/frame_0490.png (490)
16.372 FRAME_SAVED /home/user/New-look-/research/runtime/evidence/real/frame_0500.png (500)
16.372 FRAMES_TOTAL 500
16.702 FRAME_SAVED /home/user/New-look-/research/runtime/evidence/real/frame_0510.png (510)
16.993 FRAME_SAVED /home/user/New-look-/research/runtime/evidence/real/frame_0520.png (520)
17.320 FRAME_SAVED /home/user/New-look-/research/runtime/evidence/real/frame_0530.png (530)
17.609 FRAME_SAVED /home/user/New-look-/research/runtime/evidence/real/frame_0540.png (540)
17.937 FRAME_SAVED /home/user/New-look-/research/runtime/evidence/real/frame_0550.png (550)
17.937 FRAMES_TOTAL 550
18.225 FRAME_SAVED /home/user/New-look-/research/runtime/evidence/real/frame_0560.png (560)
18.555 FRAME_SAVED /home/user/New-look-/research/runtime/evidence/real/frame_0570.png (570)
18.843 FRAME_SAVED /home/user/New-look-/research/runtime/evidence/real/frame_0580.png (580)
19.171 FRAME_SAVED /home/user/New-look-/research/runtime/evidence/real/frame_0590.png (590)
19.459 FRAME_SAVED /home/user/New-look-/research/runtime/evidence/real/frame_0600.png (600)
19.459 FRAMES_TOTAL 600
19.789 FRAME_SAVED /home/user/New-look-/research/runtime/evidence/real/frame_0610.png (610)
20.079 FRAME_SAVED /home/user/New-look-/research/runtime/evidence/real/frame_0620.png (620)
20.409 FRAME_SAVED /home/user/New-look-/research/runtime/evidence/real/frame_0630.png (630)
20.698 FRAME_SAVED /home/user/New-look-/research/runtime/evidence/real/frame_0640.png (640)
21.029 FRAME_SAVED /home/user/New-look-/research/runtime/evidence/real/frame_0650.png (650)
21.029 FRAMES_TOTAL 650
21.318 FRAME_SAVED /home/user/New-look-/research/runtime/evidence/real/frame_0660.png (660)
21.647 FRAME_SAVED /home/user/New-look-/research/runtime/evidence/real/frame_0670.png (670)
21.938 FRAME_SAVED /home/user/New-look-/research/runtime/evidence/real/frame_0680.png (680)
22.265 FRAME_SAVED /home/user/New-look-/research/runtime/evidence/real/frame_0690.png (690)
22.558 FRAME_SAVED /home/user/New-look-/research/runtime/evidence/real/frame_0700.png (700)
22.558 FRAMES_TOTAL 700
22.885 FRAME_SAVED /home/user/New-look-/research/runtime/evidence/real/frame_0710.png (710)
23.174 FRAME_SAVED /home/user/New-look-/research/runtime/evidence/real/frame_0720.png (720)
23.501 FRAME_SAVED /home/user/New-look-/research/runtime/evidence/real/frame_0730.png (730)
23.792 FRAME_SAVED /home/user/New-look-/research/runtime/evidence/real/frame_0740.png (740)
24.118 FRAME_SAVED /home/user/New-look-/research/runtime/evidence/real/frame_0750.png (750)
24.118 FRAMES_TOTAL 750
24.410 FRAME_SAVED /home/user/New-look-/research/runtime/evidence/real/frame_0760.png (760)
24.736 FRAME_SAVED /home/user/New-look-/research/runtime/evidence/real/frame_0770.png (770)
25.026 FRAME_SAVED /home/user/New-look-/research/runtime/evidence/real/frame_0780.png (780)
25.352 FRAME_SAVED /home/user/New-look-/research/runtime/evidence/real/frame_0790.png (790)
25.642 FRAME_SAVED /home/user/New-look-/research/runtime/evidence/real/frame_0800.png (800)
25.642 FRAMES_TOTAL 800
25.971 FRAME_SAVED /home/user/New-look-/research/runtime/evidence/real/frame_0810.png (810)
26.260 FRAME_SAVED /home/user/New-look-/research/runtime/evidence/real/frame_0820.png (820)
26.589 FRAME_SAVED /home/user/New-look-/research/runtime/evidence/real/frame_0830.png (830)
26.879 FRAME_SAVED /home/user/New-look-/research/runtime/evidence/real/frame_0840.png (840)
27.206 FRAME_SAVED /home/user/New-look-/research/runtime/evidence/real/frame_0850.png (850)
27.206 FRAMES_TOTAL 850
27.497 FRAME_SAVED /home/user/New-look-/research/runtime/evidence/real/frame_0860.png (860)
27.824 FRAME_SAVED /home/user/New-look-/research/runtime/evidence/real/frame_0870.png (870)
28.112 FRAME_SAVED /home/user/New-look-/research/runtime/evidence/real/frame_0880.png (880)
28.440 FRAME_SAVED /home/user/New-look-/research/runtime/evidence/real/frame_0890.png (890)
28.731 FRAME_SAVED /home/user/New-look-/research/runtime/evidence/real/frame_0900.png (900)
28.731 FRAMES_TOTAL 900
29.058 FRAME_SAVED /home/user/New-look-/research/runtime/evidence/real/frame_0910.png (910)
29.347 FRAME_SAVED /home/user/New-look-/research/runtime/evidence/real/frame_0920.png (920)
29.674 FRAME_SAVED /home/user/New-look-/research/runtime/evidence/real/frame_0930.png (930)
29.965 FRAME_SAVED /home/user/New-look-/research/runtime/evidence/real/frame_0940.png (940)
30.293 FRAME_SAVED /home/user/New-look-/research/runtime/evidence/real/frame_0950.png (950)
30.293 FRAMES_TOTAL 950
30.581 FRAME_SAVED /home/user/New-look-/research/runtime/evidence/real/frame_0960.png (960)
30.912 FRAME_SAVED /home/user/New-look-/research/runtime/evidence/real/frame_0970.png (970)
31.200 FRAME_SAVED /home/user/New-look-/research/runtime/evidence/real/frame_0980.png (980)
31.528 FRAME_SAVED /home/user/New-look-/research/runtime/evidence/real/frame_0990.png (990)
31.820 FRAME_SAVED /home/user/New-look-/research/runtime/evidence/real/frame_1000.png (1000)
31.820 FRAMES_TOTAL 1000
32.145 FRAME_SAVED /home/user/New-look-/research/runtime/evidence/real/frame_1010.png (1010)
32.435 FRAME_SAVED /home/user/New-look-/research/runtime/evidence/real/frame_1020.png (1020)
32.762 FRAME_SAVED /home/user/New-look-/research/runtime/evidence/real/frame_1030.png (1030)
33.049 FRAME_SAVED /home/user/New-look-/research/runtime/evidence/real/frame_1040.png (1040)
33.377 FRAME_SAVED /home/user/New-look-/research/runtime/evidence/real/frame_1050.png (1050)
33.377 FRAMES_TOTAL 1050
33.665 FRAME_SAVED /home/user/New-look-/research/runtime/evidence/real/frame_1060.png (1060)
33.993 FRAME_SAVED /home/user/New-look-/research/runtime/evidence/real/frame_1070.png (1070)
34.282 FRAME_SAVED /home/user/New-look-/research/runtime/evidence/real/frame_1080.png (1080)
34.613 FRAME_SAVED /home/user/New-look-/research/runtime/evidence/real/frame_1090.png (1090)
34.901 FRAME_SAVED /home/user/New-look-/research/runtime/evidence/real/frame_1100.png (1100)
34.901 FRAMES_TOTAL 1100
35.230 FRAME_SAVED /home/user/New-look-/research/runtime/evidence/real/frame_1110.png (1110)
35.520 FRAME_SAVED /home/user/New-look-/research/runtime/evidence/real/frame_1120.png (1120)
35.850 FRAME_SAVED /home/user/New-look-/research/runtime/evidence/real/frame_1130.png (1130)
36.139 FRAME_SAVED /home/user/New-look-/research/runtime/evidence/real/frame_1140.png (1140)
36.468 FRAME_SAVED /home/user/New-look-/research/runtime/evidence/real/frame_1150.png (1150)
36.468 FRAMES_TOTAL 1150
36.759 FRAME_SAVED /home/user/New-look-/research/runtime/evidence/real/frame_1160.png (1160)
37.089 FRAME_SAVED /home/user/New-look-/research/runtime/evidence/real/frame_1170.png (1170)
37.379 FRAME_SAVED /home/user/New-look-/research/runtime/evidence/real/frame_1180.png (1180)
37.706 FRAME_SAVED /home/user/New-look-/research/runtime/evidence/real/frame_1190.png (1190)
37.994 FRAME_SAVED /home/user/New-look-/research/runtime/evidence/real/frame_1200.png (1200)
37.994 FRAMES_TOTAL 1200
38.324 FRAME_SAVED /home/user/New-look-/research/runtime/evidence/real/frame_1210.png (1210)
38.612 FRAME_SAVED /home/user/New-look-/research/runtime/evidence/real/frame_1220.png (1220)
38.940 FRAME_SAVED /home/user/New-look-/research/runtime/evidence/real/frame_1230.png (1230)
39.230 FRAME_SAVED /home/user/New-look-/research/runtime/evidence/real/frame_1240.png (1240)
39.559 FRAME_SAVED /home/user/New-look-/research/runtime/evidence/real/frame_1250.png (1250)
39.559 FRAMES_TOTAL 1250
39.847 FRAME_SAVED /home/user/New-look-/research/runtime/evidence/real/frame_1260.png (1260)
40.176 FRAME_SAVED /home/user/New-look-/research/runtime/evidence/real/frame_1270.png (1270)
40.465 FRAME_SAVED /home/user/New-look-/research/runtime/evidence/real/frame_1280.png (1280)
40.795 FRAME_SAVED /home/user/New-look-/research/runtime/evidence/real/frame_1290.png (1290)
41.084 FRAME_SAVED /home/user/New-look-/research/runtime/evidence/real/frame_1300.png (1300)
41.084 FRAMES_TOTAL 1300
41.413 FRAME_SAVED /home/user/New-look-/research/runtime/evidence/real/frame_1310.png (1310)
41.701 FRAME_SAVED /home/user/New-look-/research/runtime/evidence/real/frame_1320.png (1320)
42.030 FRAME_SAVED /home/user/New-look-/research/runtime/evidence/real/frame_1330.png (1330)
42.320 FRAME_SAVED /home/user/New-look-/research/runtime/evidence/real/frame_1340.png (1340)
42.649 FRAME_SAVED /home/user/New-look-/research/runtime/evidence/real/frame_1350.png (1350)
42.650 FRAMES_TOTAL 1350
42.938 FRAME_SAVED /home/user/New-look-/research/runtime/evidence/real/frame_1360.png (1360)
43.265 FRAME_SAVED /home/user/New-look-/research/runtime/evidence/real/frame_1370.png (1370)
43.553 FRAME_SAVED /home/user/New-look-/research/runtime/evidence/real/frame_1380.png (1380)
43.881 FRAME_SAVED /home/user/New-look-/research/runtime/evidence/real/frame_1390.png (1390)
44.170 FRAME_SAVED /home/user/New-look-/research/runtime/evidence/real/frame_1400.png (1400)
44.170 FRAMES_TOTAL 1400
44.501 FRAME_SAVED /home/user/New-look-/research/runtime/evidence/real/frame_1410.png (1410)
44.789 FRAME_SAVED /home/user/New-look-/research/runtime/evidence/real/frame_1420.png (1420)
45.119 FRAME_SAVED /home/user/New-look-/research/runtime/evidence/real/frame_1430.png (1430)
45.409 FRAME_SAVED /home/user/New-look-/research/runtime/evidence/real/frame_1440.png (1440)
45.736 FRAME_SAVED /home/user/New-look-/research/runtime/evidence/real/frame_1450.png (1450)
45.736 FRAMES_TOTAL 1450
46.024 FRAME_SAVED /home/user/New-look-/research/runtime/evidence/real/frame_1460.png (1460)
46.352 FRAME_SAVED /home/user/New-look-/research/runtime/evidence/real/frame_1470.png (1470)
46.642 FRAME_SAVED /home/user/New-look-/research/runtime/evidence/real/frame_1480.png (1480)
46.968 FRAME_SAVED /home/user/New-look-/research/runtime/evidence/real/frame_1490.png (1490)
47.260 FRAME_SAVED /home/user/New-look-/research/runtime/evidence/real/frame_1500.png (1500)
47.260 FRAMES_TOTAL 1500
47.589 FRAME_SAVED /home/user/New-look-/research/runtime/evidence/real/frame_1510.png (1510)
47.877 FRAME_SAVED /home/user/New-look-/research/runtime/evidence/real/frame_1520.png (1520)
48.205 FRAME_SAVED /home/user/New-look-/research/runtime/evidence/real/frame_1530.png (1530)
48.495 FRAME_SAVED /home/user/New-look-/research/runtime/evidence/real/frame_1540.png (1540)
48.824 FRAME_SAVED /home/user/New-look-/research/runtime/evidence/real/frame_1550.png (1550)
48.824 FRAMES_TOTAL 1550
49.115 FRAME_SAVED /home/user/New-look-/research/runtime/evidence/real/frame_1560.png (1560)
49.443 FRAME_SAVED /home/user/New-look-/research/runtime/evidence/real/frame_1570.png (1570)
49.732 FRAME_SAVED /home/user/New-look-/research/runtime/evidence/real/frame_1580.png (1580)
50.063 FRAME_SAVED /home/user/New-look-/research/runtime/evidence/real/frame_1590.png (1590)
50.352 FRAME_SAVED /home/user/New-look-/research/runtime/evidence/real/frame_1600.png (1600)
50.352 FRAMES_TOTAL 1600
50.680 FRAME_SAVED /home/user/New-look-/research/runtime/evidence/real/frame_1610.png (1610)
50.970 FRAME_SAVED /home/user/New-look-/research/runtime/evidence/real/frame_1620.png (1620)
51.298 FRAME_SAVED /home/user/New-look-/research/runtime/evidence/real/frame_1630.png (1630)
51.587 FRAME_SAVED /home/user/New-look-/research/runtime/evidence/real/frame_1640.png (1640)
51.916 FRAME_SAVED /home/user/New-look-/research/runtime/evidence/real/frame_1650.png (1650)
51.916 FRAMES_TOTAL 1650
52.205 FRAME_SAVED /home/user/New-look-/research/runtime/evidence/real/frame_1660.png (1660)
52.534 FRAME_SAVED /home/user/New-look-/research/runtime/evidence/real/frame_1670.png (1670)
52.824 FRAME_SAVED /home/user/New-look-/research/runtime/evidence/real/frame_1680.png (1680)
53.153 FRAME_SAVED /home/user/New-look-/research/runtime/evidence/real/frame_1690.png (1690)
53.442 FRAME_SAVED /home/user/New-look-/research/runtime/evidence/real/frame_1700.png (1700)
53.442 FRAMES_TOTAL 1700
53.771 FRAME_SAVED /home/user/New-look-/research/runtime/evidence/real/frame_1710.png (1710)
54.063 FRAME_SAVED /home/user/New-look-/research/runtime/evidence/real/frame_1720.png (1720)
54.394 FRAME_SAVED /home/user/New-look-/research/runtime/evidence/real/frame_1730.png (1730)
54.684 FRAME_SAVED /home/user/New-look-/research/runtime/evidence/real/frame_1740.png (1740)
55.016 FRAME_SAVED /home/user/New-look-/research/runtime/evidence/real/frame_1750.png (1750)
55.016 FRAMES_TOTAL 1750
55.306 FRAME_SAVED /home/user/New-look-/research/runtime/evidence/real/frame_1760.png (1760)
55.633 FRAME_SAVED /home/user/New-look-/research/runtime/evidence/real/frame_1770.png (1770)
55.921 FRAME_SAVED /home/user/New-look-/research/runtime/evidence/real/frame_1780.png (1780)
56.251 FRAME_SAVED /home/user/New-look-/research/runtime/evidence/real/frame_1790.png (1790)
56.541 FRAME_SAVED /home/user/New-look-/research/runtime/evidence/real/frame_1800.png (1800)
56.541 FRAMES_TOTAL 1800
56.867 FRAME_SAVED /home/user/New-look-/research/runtime/evidence/real/frame_1810.png (1810)
57.157 FRAME_SAVED /home/user/New-look-/research/runtime/evidence/real/frame_1820.png (1820)
57.487 FRAME_SAVED /home/user/New-look-/research/runtime/evidence/real/frame_1830.png (1830)
57.775 FRAME_SAVED /home/user/New-look-/research/runtime/evidence/real/frame_1840.png (1840)
58.106 FRAME_SAVED /home/user/New-look-/research/runtime/evidence/real/frame_1850.png (1850)
58.106 FRAMES_TOTAL 1850
58.395 FRAME_SAVED /home/user/New-look-/research/runtime/evidence/real/frame_1860.png (1860)
58.721 FRAME_SAVED /home/user/New-look-/research/runtime/evidence/real/frame_1870.png (1870)
59.015 FRAME_SAVED /home/user/New-look-/research/runtime/evidence/real/frame_1880.png (1880)
59.342 FRAME_SAVED /home/user/New-look-/research/runtime/evidence/real/frame_1890.png (1890)
59.630 FRAME_SAVED /home/user/New-look-/research/runtime/evidence/real/frame_1900.png (1900)
59.630 FRAMES_TOTAL 1900
