jar file name:original
jar??:file:///home/user/New-look-/research/runtime/jar/original.jar
[jar file url] file:/home/user/New-look-/research/runtime/jar/original.jar
jar file name:original
MIDlet-1: Zombie Infection, /icon.png, GloftMASS
Create MIDlet
Create Canvas:240, 320
MIDlet start
RecordStore:RecordStore a opened
javax.microedition.rms.impl.RecordStoreImpl:RecordStore a closed
RecordStore:RecordStore a opened
javax.microedition.rms.impl.RecordStoreImpl:Record a.1 added
javax.microedition.rms.impl.RecordStoreImpl:Record a.2 added
javax.microedition.rms.impl.RecordStoreImpl:RecordStore a closed
RecordStore:RecordStore a opened
javax.microedition.rms.impl.RecordStoreImpl:Record a.1 set
javax.microedition.rms.impl.RecordStoreImpl:RecordStore a closed
RecordStore:RecordStore a opened
javax.microedition.rms.impl.RecordStoreImpl:Record a.1 set
javax.microedition.rms.impl.RecordStoreImpl:RecordStore a closed
media type: audio/midi
media type: audio/x-wav
media type: audio/x-wav
media type: audio/x-wav
